PS G:\ASZTALI ALKALMAZÁSOK FEJLESZTÉSE\egyeb\FirstRooter> git config --global user.email horvathbenjamin2019@gmail.com
PS G:\ASZTALI ALKALMAZÁSOK FEJLESZTÉSE\egyeb\FirstRooter> git config --global user.name Benhorvath418
PS G:\ASZTALI ALKALMAZÁSOK FEJLESZTÉSE\egyeb\FirstRooter> git init
Initialized empty Git repository in //sancho/20g/20g_horvathb/ASZTALI ALKALMAZÁSOK FEJLESZTÉSE/egyeb/FirstRooter/.git/
PS G:\ASZTALI ALKALMAZÁSOK FEJLESZTÉSE\egyeb\FirstRooter> git add * .js*
fatal: pathspec '.js*' did not match any files
PS G:\ASZTALI ALKALMAZÁSOK FEJLESZTÉSE\egyeb\FirstRooter> git status
On branch master

No commits yet

Untracked files:
  (use "git add <file>..." to include in what will be committed)
        index.js
        node_modules/
        package-lock.json
        package.json
        parancsok1.txt

nothing added to commit but untracked files present (use "git add" to track)
PS G:\ASZTALI ALKALMAZÁSOK FEJLESZTÉSE\egyeb\FirstRooter>